2024年  7月 20日 土曜日 16:20:31 JST
-----------------------------------------------------
Filesystem                                Size  Used Avail Use% Mounted on
none                                      2.1G  4.1k  2.1G   1% /mnt/wsl
drivers                                   255G  173G   82G  69% /usr/lib/wsl/drivers
none                                      2.1G     0  2.1G   0% /usr/lib/modules
none                                      2.1G     0  2.1G   0% /usr/lib/modules/5.15.153.1-microsoft-standard-WSL2
/dev/sdc                                  270G  2.2G  254G   1% /
none                                      2.1G  512k  2.1G   1% /mnt/wslg
none                                      2.1G     0  2.1G   0% /usr/lib/wsl/lib
rootfs                                    2.1G  2.2M  2.1G   1% /init
none                                      2.1G  873k  2.1G   1% /run
none                                      2.1G     0  2.1G   0% /run/lock
none                                      2.1G     0  2.1G   0% /run/shm
tmpfs                                     4.2M     0  4.2M   0% /sys/fs/cgroup
none                                      2.1G   78k  2.1G   1% /mnt/wslg/versions.txt
none                                      2.1G   78k  2.1G   1% /mnt/wslg/doc
C:\                                       255G  173G   82G  69% /mnt/c
snapfuse                                  132k  132k     0 100% /snap/bare/5
snapfuse                                   97M   97M     0 100% /snap/gtk-common-themes/1535
snapfuse                                   78M   78M     0 100% /snap/core22/1380
snapfuse                                   78M   78M     0 100% /snap/core22/864
snapfuse                                   43M   43M     0 100% /snap/snapd/20290
snapfuse                                   41M   41M     0 100% /snap/snapd/21759
snapfuse                                  138M  138M     0 100% /snap/ubuntu-desktop-installer/1276
snapfuse                                  139M  139M     0 100% /snap/ubuntu-desktop-installer/1286
/dev/sde                                  1.1T  4.7G  1.1T   1% /mnt/wsl/docker-desktop-data/isocache
none                                      2.1G  8.2k  2.1G   1% /mnt/wsl/docker-desktop/shared-sockets/host-services
/dev/sdd                                  1.1T   58M  1.1T   1% /mnt/wsl/docker-desktop/docker-desktop-user-distro
/dev/loop0                                493M  493M     0 100% /mnt/wsl/docker-desktop/cli-tools
C:\Program Files\Docker\Docker\resources  255G  173G   82G  69% /Docker/host
-----------------------------------------------------
               total        used        free      shared  buff/cache   available
Mem:            3848         924        2400          17         524        2680
Swap:           1024           0        1024
-----------------------------------------------------
